2026-05-24 22:47:52,418 INFO o.a.j.u.JMeterUtils: Setting Locale to en_EN
2026-05-24 22:47:52,464 INFO o.a.j.JMeter: Loading user properties from: C:\Users\debi2\Downloads\apache-jmeter-5.6.3\bin\user.properties
2026-05-24 22:47:52,464 INFO o.a.j.JMeter: Loading system properties from: C:\Users\debi2\Downloads\apache-jmeter-5.6.3\bin\system.properties
2026-05-24 22:47:52,475 INFO o.a.j.JMeter: Copyright (c) 1998-2024 The Apache Software Foundation
2026-05-24 22:47:52,475 INFO o.a.j.JMeter: Version 5.6.3
2026-05-24 22:47:52,475 INFO o.a.j.JMeter: java.version=17.0.12
2026-05-24 22:47:52,475 INFO o.a.j.JMeter: java.vm.name=Java HotSpot(TM) 64-Bit Server VM
2026-05-24 22:47:52,475 INFO o.a.j.JMeter: os.name=Windows 11
2026-05-24 22:47:52,476 INFO o.a.j.JMeter: os.arch=amd64
2026-05-24 22:47:52,476 INFO o.a.j.JMeter: os.version=10.0
2026-05-24 22:47:52,476 INFO o.a.j.JMeter: file.encoding=Cp1252
2026-05-24 22:47:52,476 INFO o.a.j.JMeter: java.awt.headless=true
2026-05-24 22:47:52,476 INFO o.a.j.JMeter: Max memory     =1073741824
2026-05-24 22:47:52,476 INFO o.a.j.JMeter: Available Processors =4
2026-05-24 22:47:52,522 INFO o.a.j.JMeter: Default Locale=English (EN)
2026-05-24 22:47:52,523 INFO o.a.j.JMeter: JMeter  Locale=English (EN)
2026-05-24 22:47:52,523 INFO o.a.j.JMeter: JMeterHome=C:\Users\debi2\Downloads\apache-jmeter-5.6.3
2026-05-24 22:47:52,523 INFO o.a.j.JMeter: user.dir  =C:\Users\debi2\OneDrive\Pictures\NotesAutomationHybrid
2026-05-24 22:47:52,524 INFO o.a.j.JMeter: PWD       =C:\Users\debi2\OneDrive\Pictures\NotesAutomationHybrid
2026-05-24 22:47:52,561 INFO o.a.j.JMeter: IP: 192.168.0.140 Name: LAPTOP-VU4Q2S43 FullName: LAPTOP-VU4Q2S43
2026-05-24 22:47:52,723 INFO o.a.j.s.FileServer: Default base='C:\Users\debi2\OneDrive\Pictures\NotesAutomationHybrid'
2026-05-24 22:47:52,764 INFO o.a.j.s.FileServer: Set new base='C:\Users\debi2\OneDrive\Pictures\NotesAutomationHybrid\src\test\resources\jmeter'
2026-05-24 22:47:54,488 INFO o.a.j.s.SaveService: Testplan (JMX) version: 2.2. Testlog (JTL) version: 2.2
2026-05-24 22:47:54,557 INFO o.a.j.s.SaveService: Using SaveService properties version 5.0
2026-05-24 22:47:54,565 INFO o.a.j.s.SaveService: Using SaveService properties file encoding UTF-8
2026-05-24 22:47:54,577 INFO o.a.j.s.SaveService: Loading file: src\test\resources\jmeter\testplan_50_users.jmx
2026-05-24 22:47:54,695 INFO o.a.j.p.h.s.HTTPSamplerBase: Parser for text/html is org.apache.jmeter.protocol.http.parser.LagartoBasedHtmlParser
2026-05-24 22:47:54,695 INFO o.a.j.p.h.s.HTTPSamplerBase: Parser for application/xhtml+xml is org.apache.jmeter.protocol.http.parser.LagartoBasedHtmlParser
2026-05-24 22:47:54,696 INFO o.a.j.p.h.s.HTTPSamplerBase: Parser for application/xml is org.apache.jmeter.protocol.http.parser.LagartoBasedHtmlParser
2026-05-24 22:47:54,696 INFO o.a.j.p.h.s.HTTPSamplerBase: Parser for text/xml is org.apache.jmeter.protocol.http.parser.LagartoBasedHtmlParser
2026-05-24 22:47:54,696 INFO o.a.j.p.h.s.HTTPSamplerBase: Parser for text/vnd.wap.wml is org.apache.jmeter.protocol.http.parser.RegexpHTMLParser
2026-05-24 22:47:54,697 INFO o.a.j.p.h.s.HTTPSamplerBase: Parser for text/css is org.apache.jmeter.protocol.http.parser.CssParser
2026-05-24 22:47:54,730 INFO o.a.j.JMeter: Creating summariser <summary>
2026-05-24 22:47:54,826 INFO o.a.j.e.StandardJMeterEngine: Running the test!
2026-05-24 22:47:54,827 INFO o.a.j.s.SampleEvent: List of sample_variables: []
2026-05-24 22:47:54,827 INFO o.a.j.s.SampleEvent: List of sample_variables: []
2026-05-24 22:47:54,856 INFO o.a.j.e.u.CompoundVariable: Note: Function class names must contain the string: '.functions.'
2026-05-24 22:47:54,865 INFO o.a.j.e.u.CompoundVariable: Note: Function class names must not contain the string: '.gui.'
2026-05-24 22:47:55,153 INFO o.a.j.JMeter: Running test (1779643075152)
2026-05-24 22:47:55,193 INFO o.a.j.e.StandardJMeterEngine: Starting ThreadGroup: 1 : 30 Users
2026-05-24 22:47:55,195 INFO o.a.j.e.StandardJMeterEngine: Starting 50 threads for group 30 Users.
2026-05-24 22:47:55,195 INFO o.a.j.e.StandardJMeterEngine: Thread will continue on error
2026-05-24 22:47:55,196 INFO o.a.j.t.ThreadGroup: Starting thread group... number=1 threads=50 ramp-up=10 delayedStart=false
2026-05-24 22:47:55,210 INFO o.a.j.t.JMeterThread: Thread started: 30 Users 1-1
2026-05-24 22:47:55,271 INFO o.a.j.t.ThreadGroup: Started thread group number 1
2026-05-24 22:47:55,271 INFO o.a.j.e.StandardJMeterEngine: All thread groups have been started
2026-05-24 22:47:55,280 INFO o.a.j.p.h.s.HTTPHCAbstractImpl: Local host = LAPTOP-VU4Q2S43
2026-05-24 22:47:55,293 INFO o.a.j.p.h.s.HTTPHC4Impl: HTTP request retry count = 0
2026-05-24 22:47:55,295 INFO o.a.j.s.SampleResult: Note: Sample TimeStamps are START times
2026-05-24 22:47:55,295 INFO o.a.j.s.SampleResult: sampleresult.default.encoding is set to UTF-8
2026-05-24 22:47:55,295 INFO o.a.j.s.SampleResult: sampleresult.useNanoTime=true
2026-05-24 22:47:55,295 INFO o.a.j.s.SampleResult: sampleresult.nanoThreadSleep=5000
2026-05-24 22:47:55,420 INFO o.a.j.t.JMeterThread: Thread started: 30 Users 1-2
2026-05-24 22:47:55,629 INFO o.a.j.t.JMeterThread: Thread started: 30 Users 1-3
2026-05-24 22:47:55,759 INFO o.a.j.p.h.s.h.LazyLayeredConnectionSocketFactory: Setting up HTTPS TrustAll Socket Factory
2026-05-24 22:47:55,783 INFO o.a.j.u.JsseSSLManager: Using default SSL protocol: TLS
2026-05-24 22:47:55,783 INFO o.a.j.u.JsseSSLManager: SSL session context: per-thread
2026-05-24 22:47:55,810 INFO o.a.j.t.JMeterThread: Thread started: 30 Users 1-4
2026-05-24 22:47:55,933 INFO o.a.j.u.SSLManager: JmeterKeyStore Location:  type JKS
2026-05-24 22:47:55,938 INFO o.a.j.u.SSLManager: KeyStore created OK
2026-05-24 22:47:55,939 WARN o.a.j.u.SSLManager: Keystore file not found, loading empty keystore
2026-05-24 22:47:56,020 INFO o.a.j.t.JMeterThread: Thread started: 30 Users 1-5
2026-05-24 22:47:56,219 INFO o.a.j.t.JMeterThread: Thread started: 30 Users 1-6
2026-05-24 22:47:56,422 INFO o.a.j.t.JMeterThread: Thread started: 30 Users 1-7
2026-05-24 22:47:56,618 INFO o.a.j.t.JMeterThread: Thread started: 30 Users 1-8
2026-05-24 22:47:56,818 INFO o.a.j.t.JMeterThread: Thread started: 30 Users 1-9
2026-05-24 22:47:57,007 INFO o.a.j.t.JMeterThread: Thread started: 30 Users 1-10
2026-05-24 22:47:57,205 INFO o.a.j.t.JMeterThread: Thread started: 30 Users 1-11
2026-05-24 22:47:57,415 INFO o.a.j.t.JMeterThread: Thread started: 30 Users 1-12
2026-05-24 22:47:57,598 INFO o.a.j.t.JMeterThread: Thread is done: 30 Users 1-1
2026-05-24 22:47:57,599 INFO o.a.j.t.JMeterThread: Thread finished: 30 Users 1-1
2026-05-24 22:47:57,612 INFO o.a.j.t.JMeterThread: Thread started: 30 Users 1-13
2026-05-24 22:47:57,730 INFO o.a.j.t.JMeterThread: Thread is done: 30 Users 1-7
2026-05-24 22:47:57,730 INFO o.a.j.t.JMeterThread: Thread finished: 30 Users 1-7
2026-05-24 22:47:57,819 INFO o.a.j.t.JMeterThread: Thread is done: 30 Users 1-2
2026-05-24 22:47:57,819 INFO o.a.j.t.JMeterThread: Thread finished: 30 Users 1-2
2026-05-24 22:47:57,824 INFO o.a.j.t.JMeterThread: Thread started: 30 Users 1-14
2026-05-24 22:47:57,842 INFO o.a.j.t.JMeterThread: Thread is done: 30 Users 1-8
2026-05-24 22:47:57,843 INFO o.a.j.t.JMeterThread: Thread finished: 30 Users 1-8
2026-05-24 22:47:57,858 INFO o.a.j.t.JMeterThread: Thread is done: 30 Users 1-4
2026-05-24 22:47:57,858 INFO o.a.j.t.JMeterThread: Thread finished: 30 Users 1-4
2026-05-24 22:47:57,884 INFO o.a.j.t.JMeterThread: Thread is done: 30 Users 1-6
2026-05-24 22:47:57,884 INFO o.a.j.t.JMeterThread: Thread finished: 30 Users 1-6
2026-05-24 22:47:57,973 INFO o.a.j.t.JMeterThread: Thread is done: 30 Users 1-5
2026-05-24 22:47:57,973 INFO o.a.j.t.JMeterThread: Thread finished: 30 Users 1-5
2026-05-24 22:47:58,012 INFO o.a.j.t.JMeterThread: Thread started: 30 Users 1-15
2026-05-24 22:47:58,055 INFO o.a.j.t.JMeterThread: Thread is done: 30 Users 1-9
2026-05-24 22:47:58,055 INFO o.a.j.t.JMeterThread: Thread finished: 30 Users 1-9
2026-05-24 22:47:58,213 INFO o.a.j.t.JMeterThread: Thread started: 30 Users 1-16
2026-05-24 22:47:58,293 INFO o.a.j.t.JMeterThread: Thread is done: 30 Users 1-10
2026-05-24 22:47:58,293 INFO o.a.j.t.JMeterThread: Thread finished: 30 Users 1-10
2026-05-24 22:47:58,442 INFO o.a.j.t.JMeterThread: Thread started: 30 Users 1-17
2026-05-24 22:47:58,553 INFO o.a.j.t.JMeterThread: Thread is done: 30 Users 1-11
2026-05-24 22:47:58,553 INFO o.a.j.t.JMeterThread: Thread finished: 30 Users 1-11
2026-05-24 22:47:58,605 INFO o.a.j.t.JMeterThread: Thread started: 30 Users 1-18
2026-05-24 22:47:58,826 INFO o.a.j.t.JMeterThread: Thread started: 30 Users 1-19
2026-05-24 22:47:58,924 INFO o.a.j.t.JMeterThread: Thread is done: 30 Users 1-12
2026-05-24 22:47:58,925 INFO o.a.j.t.JMeterThread: Thread finished: 30 Users 1-12
2026-05-24 22:47:59,015 INFO o.a.j.t.JMeterThread: Thread started: 30 Users 1-20
2026-05-24 22:47:59,210 INFO o.a.j.t.JMeterThread: Thread started: 30 Users 1-21
2026-05-24 22:47:59,369 INFO o.a.j.t.JMeterThread: Thread is done: 30 Users 1-13
2026-05-24 22:47:59,369 INFO o.a.j.t.JMeterThread: Thread finished: 30 Users 1-13
2026-05-24 22:47:59,374 INFO o.a.j.t.JMeterThread: Thread is done: 30 Users 1-14
2026-05-24 22:47:59,374 INFO o.a.j.t.JMeterThread: Thread finished: 30 Users 1-14
2026-05-24 22:47:59,417 INFO o.a.j.t.JMeterThread: Thread started: 30 Users 1-22
2026-05-24 22:47:59,613 INFO o.a.j.t.JMeterThread: Thread started: 30 Users 1-23
2026-05-24 22:47:59,815 INFO o.a.j.t.JMeterThread: Thread started: 30 Users 1-24
2026-05-24 22:48:00,015 INFO o.a.j.t.JMeterThread: Thread started: 30 Users 1-25
2026-05-24 22:48:00,130 INFO o.a.j.t.JMeterThread: Thread is done: 30 Users 1-15
2026-05-24 22:48:00,130 INFO o.a.j.t.JMeterThread: Thread finished: 30 Users 1-15
2026-05-24 22:48:00,130 INFO o.a.j.r.Summariser: summary +     32 in 00:00:05 =    6.4/s Avg:   861 Min:   354 Max:  1569 Err:    32 (100.00%) Active: 11 Started: 25 Finished: 14
2026-05-24 22:48:00,171 INFO o.a.j.t.JMeterThread: Thread is done: 30 Users 1-16
2026-05-24 22:48:00,172 INFO o.a.j.t.JMeterThread: Thread finished: 30 Users 1-16
2026-05-24 22:48:00,171 INFO o.a.j.t.JMeterThread: Thread is done: 30 Users 1-17
2026-05-24 22:48:00,176 INFO o.a.j.t.JMeterThread: Thread finished: 30 Users 1-17
2026-05-24 22:48:00,225 INFO o.a.j.t.JMeterThread: Thread started: 30 Users 1-26
2026-05-24 22:48:00,379 INFO o.a.j.t.JMeterThread: Thread is done: 30 Users 1-18
2026-05-24 22:48:00,379 INFO o.a.j.t.JMeterThread: Thread finished: 30 Users 1-18
2026-05-24 22:48:00,418 INFO o.a.j.t.JMeterThread: Thread started: 30 Users 1-27
2026-05-24 22:48:00,618 INFO o.a.j.t.JMeterThread: Thread started: 30 Users 1-28
2026-05-24 22:48:00,803 INFO o.a.j.t.JMeterThread: Thread is done: 30 Users 1-19
2026-05-24 22:48:00,803 INFO o.a.j.t.JMeterThread: Thread finished: 30 Users 1-19
2026-05-24 22:48:00,805 INFO o.a.j.t.JMeterThread: Thread is done: 30 Users 1-20
2026-05-24 22:48:00,805 INFO o.a.j.t.JMeterThread: Thread finished: 30 Users 1-20
2026-05-24 22:48:00,805 INFO o.a.j.t.JMeterThread: Thread is done: 30 Users 1-21
2026-05-24 22:48:00,805 INFO o.a.j.t.JMeterThread: Thread finished: 30 Users 1-21
2026-05-24 22:48:00,815 INFO o.a.j.t.JMeterThread: Thread started: 30 Users 1-29
2026-05-24 22:48:01,024 INFO o.a.j.t.JMeterThread: Thread started: 30 Users 1-30
2026-05-24 22:48:01,036 INFO o.a.j.t.JMeterThread: Thread is done: 30 Users 1-3
2026-05-24 22:48:01,038 INFO o.a.j.t.JMeterThread: Thread finished: 30 Users 1-3
2026-05-24 22:48:01,046 INFO o.a.j.t.JMeterThread: Thread is done: 30 Users 1-23
2026-05-24 22:48:01,046 INFO o.a.j.t.JMeterThread: Thread finished: 30 Users 1-23
2026-05-24 22:48:01,212 INFO o.a.j.t.JMeterThread: Thread started: 30 Users 1-31
2026-05-24 22:48:01,378 INFO o.a.j.t.JMeterThread: Thread is done: 30 Users 1-22
2026-05-24 22:48:01,378 INFO o.a.j.t.JMeterThread: Thread finished: 30 Users 1-22
2026-05-24 22:48:01,459 INFO o.a.j.t.JMeterThread: Thread started: 30 Users 1-32
2026-05-24 22:48:01,583 INFO o.a.j.t.JMeterThread: Thread is done: 30 Users 1-25
2026-05-24 22:48:01,585 INFO o.a.j.t.JMeterThread: Thread finished: 30 Users 1-25
2026-05-24 22:48:01,587 INFO o.a.j.t.JMeterThread: Thread is done: 30 Users 1-24
2026-05-24 22:48:01,587 INFO o.a.j.t.JMeterThread: Thread finished: 30 Users 1-24
2026-05-24 22:48:01,622 INFO o.a.j.t.JMeterThread: Thread started: 30 Users 1-33
2026-05-24 22:48:01,880 INFO o.a.j.t.JMeterThread: Thread started: 30 Users 1-34
2026-05-24 22:48:01,887 INFO o.a.j.t.JMeterThread: Thread is done: 30 Users 1-26
2026-05-24 22:48:01,889 INFO o.a.j.t.JMeterThread: Thread finished: 30 Users 1-26
2026-05-24 22:48:02,089 INFO o.a.j.t.JMeterThread: Thread started: 30 Users 1-35
2026-05-24 22:48:02,231 INFO o.a.j.t.JMeterThread: Thread started: 30 Users 1-36
2026-05-24 22:48:02,423 INFO o.a.j.t.JMeterThread: Thread is done: 30 Users 1-27
2026-05-24 22:48:02,423 INFO o.a.j.t.JMeterThread: Thread finished: 30 Users 1-27
2026-05-24 22:48:02,425 INFO o.a.j.t.JMeterThread: Thread started: 30 Users 1-37
2026-05-24 22:48:02,515 INFO o.a.j.t.JMeterThread: Thread is done: 30 Users 1-28
2026-05-24 22:48:02,515 INFO o.a.j.t.JMeterThread: Thread finished: 30 Users 1-28
2026-05-24 22:48:02,616 INFO o.a.j.t.JMeterThread: Thread started: 30 Users 1-38
2026-05-24 22:48:02,665 INFO o.a.j.t.JMeterThread: Thread is done: 30 Users 1-30
2026-05-24 22:48:02,665 INFO o.a.j.t.JMeterThread: Thread is done: 30 Users 1-29
2026-05-24 22:48:02,665 INFO o.a.j.t.JMeterThread: Thread finished: 30 Users 1-29
2026-05-24 22:48:02,668 INFO o.a.j.t.JMeterThread: Thread finished: 30 Users 1-30
2026-05-24 22:48:02,838 INFO o.a.j.t.JMeterThread: Thread started: 30 Users 1-39
2026-05-24 22:48:03,026 INFO o.a.j.t.JMeterThread: Thread started: 30 Users 1-40
2026-05-24 22:48:03,216 INFO o.a.j.t.JMeterThread: Thread started: 30 Users 1-41
2026-05-24 22:48:03,244 INFO o.a.j.t.JMeterThread: Thread is done: 30 Users 1-31
2026-05-24 22:48:03,246 INFO o.a.j.t.JMeterThread: Thread finished: 30 Users 1-31
2026-05-24 22:48:03,265 INFO o.a.j.t.JMeterThread: Thread is done: 30 Users 1-32
2026-05-24 22:48:03,265 INFO o.a.j.t.JMeterThread: Thread finished: 30 Users 1-32
2026-05-24 22:48:03,337 INFO o.a.j.t.JMeterThread: Thread is done: 30 Users 1-33
2026-05-24 22:48:03,337 INFO o.a.j.t.JMeterThread: Thread finished: 30 Users 1-33
2026-05-24 22:48:03,341 INFO o.a.j.t.JMeterThread: Thread is done: 30 Users 1-34
2026-05-24 22:48:03,341 INFO o.a.j.t.JMeterThread: Thread finished: 30 Users 1-34
2026-05-24 22:48:03,416 INFO o.a.j.t.JMeterThread: Thread started: 30 Users 1-42
2026-05-24 22:48:03,432 INFO o.a.j.t.JMeterThread: Thread is done: 30 Users 1-35
2026-05-24 22:48:03,432 INFO o.a.j.t.JMeterThread: Thread finished: 30 Users 1-35
2026-05-24 22:48:03,477 INFO o.a.j.t.JMeterThread: Thread is done: 30 Users 1-36
2026-05-24 22:48:03,478 INFO o.a.j.t.JMeterThread: Thread finished: 30 Users 1-36
2026-05-24 22:48:03,619 INFO o.a.j.t.JMeterThread: Thread started: 30 Users 1-43
2026-05-24 22:48:03,822 INFO o.a.j.t.JMeterThread: Thread is done: 30 Users 1-37
2026-05-24 22:48:03,823 INFO o.a.j.t.JMeterThread: Thread finished: 30 Users 1-37
2026-05-24 22:48:03,825 INFO o.a.j.t.JMeterThread: Thread started: 30 Users 1-44
2026-05-24 22:48:03,876 INFO o.a.j.t.JMeterThread: Thread is done: 30 Users 1-38
2026-05-24 22:48:03,876 INFO o.a.j.t.JMeterThread: Thread finished: 30 Users 1-38
2026-05-24 22:48:04,022 INFO o.a.j.t.JMeterThread: Thread started: 30 Users 1-45
2026-05-24 22:48:04,219 INFO o.a.j.t.JMeterThread: Thread started: 30 Users 1-46
2026-05-24 22:48:04,231 INFO o.a.j.t.JMeterThread: Thread is done: 30 Users 1-40
2026-05-24 22:48:04,232 INFO o.a.j.t.JMeterThread: Thread finished: 30 Users 1-40
2026-05-24 22:48:04,419 INFO o.a.j.t.JMeterThread: Thread started: 30 Users 1-47
2026-05-24 22:48:04,428 INFO o.a.j.t.JMeterThread: Thread is done: 30 Users 1-41
2026-05-24 22:48:04,429 INFO o.a.j.t.JMeterThread: Thread finished: 30 Users 1-41
2026-05-24 22:48:04,543 INFO o.a.j.t.JMeterThread: Thread is done: 30 Users 1-42
2026-05-24 22:48:04,543 INFO o.a.j.t.JMeterThread: Thread finished: 30 Users 1-42
2026-05-24 22:48:04,618 INFO o.a.j.t.JMeterThread: Thread started: 30 Users 1-48
2026-05-24 22:48:04,737 INFO o.a.j.t.JMeterThread: Thread is done: 30 Users 1-43
2026-05-24 22:48:04,737 INFO o.a.j.t.JMeterThread: Thread finished: 30 Users 1-43
2026-05-24 22:48:04,830 INFO o.a.j.t.JMeterThread: Thread started: 30 Users 1-49
2026-05-24 22:48:04,988 INFO o.a.j.t.JMeterThread: Thread is done: 30 Users 1-44
2026-05-24 22:48:04,989 INFO o.a.j.t.JMeterThread: Thread finished: 30 Users 1-44
2026-05-24 22:48:04,991 INFO o.a.j.t.JMeterThread: Thread is done: 30 Users 1-39
2026-05-24 22:48:04,991 INFO o.a.j.t.JMeterThread: Thread finished: 30 Users 1-39
2026-05-24 22:48:05,017 INFO o.a.j.t.JMeterThread: Thread started: 30 Users 1-50
2026-05-24 22:48:05,131 INFO o.a.j.t.JMeterThread: Thread is done: 30 Users 1-45
2026-05-24 22:48:05,131 INFO o.a.j.t.JMeterThread: Thread finished: 30 Users 1-45
2026-05-24 22:48:05,359 INFO o.a.j.t.JMeterThread: Thread is done: 30 Users 1-46
2026-05-24 22:48:05,359 INFO o.a.j.t.JMeterThread: Thread finished: 30 Users 1-46
2026-05-24 22:48:05,581 INFO o.a.j.t.JMeterThread: Thread is done: 30 Users 1-47
2026-05-24 22:48:05,584 INFO o.a.j.t.JMeterThread: Thread finished: 30 Users 1-47
2026-05-24 22:48:05,758 INFO o.a.j.t.JMeterThread: Thread is done: 30 Users 1-48
2026-05-24 22:48:05,758 INFO o.a.j.t.JMeterThread: Thread finished: 30 Users 1-48
2026-05-24 22:48:05,959 INFO o.a.j.t.JMeterThread: Thread is done: 30 Users 1-49
2026-05-24 22:48:05,960 INFO o.a.j.t.JMeterThread: Thread finished: 30 Users 1-49
2026-05-24 22:48:06,185 INFO o.a.j.t.JMeterThread: Thread is done: 30 Users 1-50
2026-05-24 22:48:06,185 INFO o.a.j.t.JMeterThread: Thread finished: 30 Users 1-50
2026-05-24 22:48:06,186 INFO o.a.j.e.StandardJMeterEngine: Notifying test listeners of end of test
2026-05-24 22:48:06,187 INFO o.a.j.r.Summariser: summary +     68 in 00:00:06 =   11.2/s Avg:   794 Min:   539 Max:  3795 Err:    68 (100.00%) Active: 0 Started: 50 Finished: 50
2026-05-24 22:48:06,189 INFO o.a.j.r.Summariser: summary =    100 in 00:00:11 =    9.1/s Avg:   815 Min:   354 Max:  3795 Err:   100 (100.00%)
